folder: SPAM Search Folder 2
folder: Najwyższy poziom pliku danych programu Outlook
	folder: Elementy usunięte
	folder: Skrzynka odbiorcza
		mail: Pierwszy html creation time: 2021-12-06 11:37:31 AM
Treść maila
ABC
123


<https://www.avast.com/sig-email?utm_medium=email&utm_source=link&utm_campaign=sig-email&utm_content=emailclient>                                  Wolny od wirusów. <https://www.avast.com/sig-email?utm_medium=email&utm_source=link&utm_campaign=sig-email&utm_content=emailclient>www.avast.com
<>

attachment: 

name: 1DAEC~1.HTM

* <../../../pl/products/doctotext>PL
* <../../../en/products/doctotext>EN




Toggle navigation </>logo


* <../..>O NAS
* <../../products>PRODUKTY 
* <../../products/docstorage>DocStorage
* <../../products/fixed_assets>Środki Trwałe
* <../../products/ocr_server>OCR Server
* <../../products/sqlsync>SqlSync
* <../../products/doctotext>DocToText

* <../../services>USŁUGI
* <../../services/reduce_it_costs>Obniż koszty IT
* <../../services/modern_infrastructure>Nowoczesna infrastruktura
* <../../services/data_recovery>Odzyskiwanie dokumentów
* <../../services/development>Rozwój produktów
* <../../services/student_work_placements>Praktyki i staże

* <../../customers>Nasi klienci
* <../../contact>KONTAKT



Nasze Produkty
DocToText





DocToText
konwersja dokumentów do postaci tekstowej, przetwarzanie adnotacji i metadanych

SILVERCODERS DocToText to potężne narzędzie do konwersji dokumentów, w wielu popularnych formatach, do prostego formatu tekstowego (plain text). W skład pakietu, dostępnego dla użytkowników za darmo na otwartoźródłowej licencji GPL wchodzi program konsolowy oraz biblioteka C/C++, umożliwiająca wbudowanie mechanizmu ekstrakcji tekstu z dokumentów w inną aplikację.





Obsługiwane są binarne formaty MS Office: MS Word (DOC), MS Excel (XLS, XLSB), MS PowerPoint (PPT), Rich Text Format (RTF), OpenDocument (znany także jako ODF i ISO/IEC 26300, pełna nazwa: OASIS Open Document Format for Office Applications): dokumenty tekstowe (ODT), arkusze kalkulacyjne (ODS), prezentacje (ODP), grafika (ODG), Office Open XML (ISO/IEC 29500, zwany także jako OOXML, OpenXML lub MSOOXML): MS Word (DOCX), MS Excel (XLSX), MS PowerPoint (PPTX), Formaty iWork (PAGES, NUMBERS, KEYNOTE), Formaty OpenDocument Flat XML (FODP, FODS, FODT), Portable Document Format (PDF), Pliki poczty elektronicznej - email (EML) i HyperText Markup Language (HTML).

Wydobywanie tekstu z plików doc, xls, ppt, rtf, odt, ods, odp, odg, docx, xlsx, pptx, pages, numbers, keynote, fodp, fods, fodt, pdf, eml i html może mieć wiele zastosowań, np. wyszukiwanie, indeksowanie lub archiwizacja. DocToText może być też używany jako szybka przeglądarka działająca w konsoli.

DocToText potrafi wydobyć tekst nie tylko z treści dokumentu, ale również z adnotacji (komentarzy) osadzonych w plikach odt, doc, docx lub rtf oraz odczytać metadane takie jak autor, data ostatniej modyfikacji dokumentu, czy ilość stron.

Złożone dokumenty? Inne narzędzia się poddały? Arkusz MS Excel osadzony w dokumencie MS Word? Potrzebna autodetekcja kodowania znaków? OLE w formatach OpenDocument? Nie ma problemu.

DocToText pozwala na konwersję uszkodzonych dokumentów OpenDocument i Office Open XML. Może być użyty do odzyskania tekstu, nawet jeśli inne metody odzysku zawiodły. Jeśli potrzebujesz pomocy z tego rodzaju problemami zapoznaj się z naszymi usługami odzyskiwania dokumentów.

Oferujemy także możliwość wykorzystania biblioteki w aplikacjach komercyjnych, wraz z pełnym wsparciem technicznym. Narzędzie jest stale używane i testowane na tysiącach dokumentów przez klientów na całym świecie. W razie zainteresowania prosimy o kontakt.


<http://silvercoders.com/download/doctotext-4.0.1512-x86-linux.tar.bz2>DocToText 4.0.1512 (Linux x86)
<http://silvercoders.com/download/doctotext-4.0.1512-x86_64-linux.tar.bz2>DocToText 4.0.1512 (Linux x86_64)
<http://silvercoders.com/download/doctotext-4.0.1512-win32.tar.bz2>DocToText 4.0.1512 (win32)
<http://silvercoders.com/download/doctotext-4.0.1512-win64.tar.bz2>DocToText 4.0.1512 (win64)
<http://silvercoders.com/download/doctotext-4.0.1512-i386-x86_64-macosx.tar.bz2>DocToText 4.0.1512 (Mac OS X)
<http://silvercoders.com/download/doctotext-4.0-20140202.tar.bz2>DocToText 4.0 (źródła 02.02.2014)





Kontakt
E-mail: <mailto:silvercoders@silvercoders.com>silvercoders@silvercoders.com 
Tel.: +48 661 736 395


Adres
SILVERCODERS Ltd.
9 Northbourne Way
Cliftonville, Margate
United Kingdom, CT9 3NS

Napisz do nas



WYŚLIJ


© SILVERCODERS 2017. All Rights Reserved.




<>Back to Top 
		mail: Drugi plik html creation time: 2021-12-06 11:37:31 AM
Treść maila
XYZ
098


<https://www.avast.com/sig-email?utm_medium=email&utm_source=link&utm_campaign=sig-email&utm_content=emailclient>                                  Wolny od wirusów. <https://www.avast.com/sig-email?utm_medium=email&utm_source=link&utm_campaign=sig-email&utm_content=emailclient>www.avast.com
<>

attachment: 

name: 25922~1.HTM

* <../../../pl/products/doctotext>PL
* <../../../en/products/doctotext>EN




Toggle navigation </>logo


* <../..>ABOUT
* <../../products>PRODUCTS 
* <../../products/docstorage>DocStorage
* <../../products/fixed_assets>Fixed Assets
* <../../products/ocr_server>OCR Server
* <../../products/sqlsync>SqlSync
* <../../products/doctotext>DocToText

* <../../services>SERVICES
* <../../services/reduce_it_costs>Reduce IT costs
* <../../services/modern_infrastructure>Modern infrastructure
* <../../services/data_recovery>Document recovery
* <../../services/development>Development
* <../../services/student_work_placements>Student work placements

* <../../customers>Our customers
* <../../contact>CONTACT



Our Products
DocToText





DocToText
converting documents to plain text, processing annotations and metadata

SILVERCODERS DocToText is a powerful utility that can convert documents in many formats to plain text. The package, available to users for free on open source GPL license, includes console application and C/C++ library, that allows embedding text extraction mechanism into other application.





The utility supports MS Office binary formats: MS Word (DOC), MS Excel (XLS, XLSB), MS PowerPoint (PPT), Rich Text Format (RTF), OpenDocument (also known as ODF and ISO/IEC 26300, full name: OASIS Open Document Format for Office Applications): text documents (ODT), spreadsheets (ODS), presentations (ODP), graphics (ODG), Office Open XML (ISO/IEC 29500, also called OOXML, OpenXML or MSOOXML) documents: MS Word (DOCX), MS Excel (XLSX), MS PowerPoint (PPTX), iWork formats (PAGES, NUMBERS, KEYNOTE), OpenDocument Flat XML formats (FODP, FODS, FODT), Portable Document Format (PDF), Email files (EML) and HyperText Markup Language (HTML).

Extracting plain text from doc, xls, ppt, rtf, odt, ods, odp, odg, docx, xlsx, pptx, pages, numbers, keynote, fodp, fods, fodt, pdf, eml and html files can be used for a lot of things like searching, indexing or archiving. DocToText can be also used as a fast console viewer.

DocToText can extract text not only from document body but also from annotations (comments) embedded in odt, doc, docx or rtf files and read metadata like author, last modification date or number of pages.

Complex documents? Other utilities gave up? MS Excel spreadsheet embedded in MS Word document? Charset detection required? OpenDocument formats OLE? No problem.

DocToText is able to convert corrupted OpenDocument and Office Open XML documents. It can be used to recover text even if other recovery methods failed. If you need help with this kind of issues see our document recovery services.

We also offer the possibility to use the library in commercial applications, with full technical support. The utility is constantly used and tested on thousands of documents by customers all around the world. If interested, please contact us for details.


<http://silvercoders.com/download/doctotext-4.0.1512-x86-linux.tar.bz2>DocToText 4.0.1512 (Linux x86)
<http://silvercoders.com/download/doctotext-4.0.1512-x86_64-linux.tar.bz2>DocToText 4.0.1512 (Linux x86_64)
<http://silvercoders.com/download/doctotext-4.0.1512-win32.tar.bz2>DocToText 4.0.1512 (win32)
<http://silvercoders.com/download/doctotext-4.0.1512-win64.tar.bz2>DocToText 4.0.1512 (win64)
<http://silvercoders.com/download/doctotext-4.0.1512-i386-x86_64-macosx.tar.bz2>DocToText 4.0.1512 (Mac OS X)
<http://silvercoders.com/download/doctotext-4.0-20140202.tar.bz2>DocToText 4.0 (sources 02.02.2014)





Contact
E-mail: <mailto:silvercoders@silvercoders.com>silvercoders@silvercoders.com 
Phone: +48 661 736 395


Address
SILVERCODERS Ltd.
9 Northbourne Way
Cliftonville, Margate
United Kingdom, CT9 3NS

Send a message



SEND


© SILVERCODERS 2017. All Rights Reserved.




<>Back to Top 
	folder: Skrzynka nadawcza
	folder: Błędy synchronizacji (tylko ten komputer)
		folder: Awarie lokalne (tylko ten komputer)
	folder: [Gmail]
		folder: Kosz
		folder: Wysłane
		folder: Oznaczone gwiazdką
		folder: Spam
		folder: Ważne
		folder: Wersje robocze
folder: Folder główny wyszukiwania

