Mixed character encodings test.
RTF file created using WordPad (important, because character encodings are saved 
differently).
Polskie litery: ąćęłńśźżĄĆĘŁŃŚŹŻ
 :tekst Arabski عينة نص 
Rosyjski tekst (cyrylica): Образец текста

