ęśąćż.
Zażółć gęślą jaźń.
Test znaków diakrytycznych.


