This is the first image containing text

This is the second image containing text


Document containing embedded images that can be OCRed.


The first image:







and the second image:







This image cannot be OCRed:


