Great that you are ready to accept a Codility challenge!                                                            Is this email not displaying correctly?                                                                                                                                                                                                                                                                                                                                                                                                                                                                                                                                                                                                                                                                                                                                                                                                                                       
                                                                                                                    <http://us4.campaign-archive2.com/?u=d9d4fdf4d725a0f17d56440e5&id=211de2fff1&e=2c14d9c463>View it in your browser.                                                                                                                                                                                                                                                                                                                                                                                                                                                                                                                                                                                                                                                                                                                                                            
<http://codility.us4.list-manage.com/track/click?u=d9d4fdf4d725a0f17d56440e5&id=acba1c15f5&e=2c14d9c463>Codility Certificate                                                                                                                                                                                                                                                                                                                                                                                                                                                                                                                                                                                                                                                                                                                                                                                                                                                                      
                                                                                                                             <http://codility.us4.list-manage2.com/track/click?u=d9d4fdf4d725a0f17d56440e5&id=bcdb9b83ce&e=2c14d9c463>Friend on Facebook                                                                                                                                                                                                                                          Get the Codility Golden Award                                                                                                                                                                                                                                                                                                                                                                                                                                                                   
                                                                                                                             <http://codility.us4.list-manage.com/track/click?u=d9d4fdf4d725a0f17d56440e5&id=c5c2f67def&e=2c14d9c463>Follow on Twitter                                                                                                                                                                                                                                                                                                                                                                                                                                                                                                                                                                                                                                                                                                                                            
                                                                                                                             <http://us4.forward-to-friend.com/forward?u=d9d4fdf4d725a0f17d56440e5&id=211de2fff1&e=2c14d9c463>Forward to a Friend                                                                                                                                                                                                                                                 This Friday, October 4th at 4pm UTC our new programming challenge - Codility Boron 2013 - will go live.                                                                                                                                                                                                                                                                                                                                                                                        
New programming lessons available!                                                                                                                                                                                                                                                                                                                                                                                                                                                                                                                                                                                                                                                                                                                                                                                                                                                                                                                                                               
                                                                                                                                                                                                                                                                                                                                                                                                                                                                                                  If you are the first one to deliver the perfect solution, a signed Golden Award, the Champion's T-Shirt and the great "<http://codility.us4.list-manage.com/track/click?u=d9d4fdf4d725a0f17d56440e5&id=7205f86724&e=2c14d9c463>Looking for a Challenge?" book will be on their way to you soon. Also, we will be happy to add your name to the growing hall of fame, just next to Chenyang Wu, Denis Yudin and Xiongjun Liang, who came in first, second and third in our previous challenge. 
Jacek has added three lessons to our free guided programming course. Topics: time complexity. counting elements and prefix sums. Each lesson comes with three programming tasks to solve. <http://codility.us4.list-manage1.com/track/click?u=d9d4fdf4d725a0f17d56440e5&id=808783ae20&e=2c14d9c463>Check them out!                                                                                                                                                                                                                                                                                                                                                                                                                                                                                                                                                                                                                                                                                
                                                                                                                                                                                                                                                                                                                                                                                                                                                                                                  NEW: Everyone submitting a solution to the challenge will have access to a Codility report assessing it. Let us know if you find this helpful!                                                                                                                                                                                                                                                                                                                                                
                                                                                                                                                                                                                                                                                                                                                                                                                                                                                                                                                                                                                                                                                                                                                                                                                                                                                                                                                                                                  
                                                                                                                                                                                                                                                                                                                                                                                                                                                                                                  Access the challenge: <http://codility.us4.list-manage.com/track/click?u=d9d4fdf4d725a0f17d56440e5&id=adf265fbb4&e=2c14d9c463>http://codility.com/cert/start/b<http://codility.us4.list-manage2.com/track/click?u=d9d4fdf4d725a0f17d56440e5&id=d9ab0bb763&e=2c14d9c463>oron2013                                                                                                                                                                                                                
                                                                                                                                                                                                                                                                                                                                                                                                                                                                                                  If you want to train first: <http://codility.us4.list-manage1.com/track/click?u=d9d4fdf4d725a0f17d56440e5&id=a51c0bead7&e=2c14d9c463>http://codility.com/train                                                                                                                                                                                                                                                                                                                                 
                                                                                                                                                                                                                                                                                                                                                                                                                                                                                                                                                                                                                                                                                                                                                                                                                                                                                                                                                                                                  
                                                                                                                                                                                                                                                                                                                                                                                                                                                                                                  Best of luck to you all and enjoy the challenge!                                                                                                                                                                                                                                                                                                                                                                                                                                                
                                                                                                                                                                                                                                                                                                                                                                                                                                                                                                                                                                                                                                                                                                                                                                                                                                                                                                                                                                                                  
                                                                                                                                                                                                                                                                                                                                                                                                                                                                                                  Your Codility Team                                                                                                                                                                                                                                                                                                                                                                                                                                                                              
                                                                                                                                                                                                                                                                                                                                                                                                                                                                                                                                                                                                                                                                                                                                                                                                                                                                                                                                                                                                  
                                                                                                                                                                                                                                                                                                                                                                                                                                                                                                                                                                                                                                                                                                                                                                                                                                                                                                                                                                                                  
                                                                                                                                                                                                                                                                                                                                                                                                                                                                                                                                                                                                                                                                                                                                                                                                                                                                                                                                                                                                  
                                                                                                                                                                                                                                                                                                                                                                                                                                                                                                                                                                                                                                                                                                                                                                                                                                                                                                                                                                                                  
                                                                                                                                                                                                                                                                                                                                                                                                                                                                                                                                                                                                                                                                                                                                                                                                                                                                                                                                                                                                  
                                                                                                                                                                                                                                                                                                                                                                                                                                                                                                                                                                                                                                                                                                                                                                                                                                                                                                                                                                                                  
                                                                                                                                                                                                                                                                                                                                                                                                                                                                                                                                                                                                                                                                                                                                                                                                                                                                                                                                                                                                  
                                                                                                                                                                                                                                                                                                                                                                                                                                                                                                                                                                                                                                                                                                                                                                                                                                                                                                                                                                                                  
                                                                                                                                                                                                                                                                                                                                                                                                                                                                                                                                                                                                                                                                                                                                                                                                                                                                                                                                                                                                  
                                                                                                                                                                                                                                                                                                                                                                                                                                                                                                                                                                                                                                                                                                                                                                                                                                                                                                                                                                                                  
                                                                                                                                                                                                                                                                                                                                                                                                                                                                                                                                                                                                                                                                                                                                                                                                                                                                                                                                                                                                  
 <https://www.twitter.com/codility/>follow on Twitter | <>friend on Facebook | <http://us4.forward-to-friend.com/forward?u=d9d4fdf4d725a0f17d56440e5&id=211de2fff1&e=2c14d9c463>forward to a friend                                                                                                                                                                                                                                                                                                                                                                                                                                                                                                                                                                                                                                                                                                                                                                                             
Copyright © 2013 Codility, All rights reserved.                                                                                                                                                                                                                                                                                                                                                                                                                                                                                                                                                                                                                                                                                                                                                                                                                                                                                                                                                  
You are receiving this email because you opted in at our website that you would like to get monthly newsletter with information about new Certification Challenge                                                                                                                                                                                                                                                                                                                                                                                                                                                                                                                                                                                                                                                                                                                                                                                                                                 
Our mailing address is:                                                                                                                                                                                                                                                                                                                                                                                                                                                                                                                                                                                                                                                                                                                                                                                                                                                                                                                                                                           
Codility107 Cheapside                                                                                                                                                                                                                                                                                                                                                                                                                                                                                                                                                                                                                                                                                                                                                                                                                                                                                                                                                                             
London, London EC2V 6DNUnited Kingdom                                                                                                                                                                                                                                                                                                                                                                                                                                                                                                                                                                                                                                                                                                                                                                                                                                                                                                                                                             
                                                                                                                                                                                                                                                                                                                                                                                                                                                                                                                                                                                                                                                                                                                                                                                                                                                                                                                                                                                                  
<http://codility.us4.list-manage1.com/vcard?u=d9d4fdf4d725a0f17d56440e5&id=e55d0c8403>Add us to your address book                                                                                                                                                                                                                                                                                                                                                                                                                                                                                                                                                                                                                                                                                                                                                                                                                                                                                 
                                                                                                                                                                                                                                                                                                                                                                                                                                                                                                                                                                                                                                                                                                                                                                                                                                                                                                                                                                                                  
                                                                                                                                                                                                                                                                                                                                                                                                                                                                                                                                                                                                                                                                                                                                                                                                                                                                                                                                                                                                  
 <http://codility.us4.list-manage.com/unsubscribe?u=d9d4fdf4d725a0f17d56440e5&id=e55d0c8403&e=2c14d9c463&c=211de2fff1>unsubscribe from this list | <http://codility.us4.list-manage1.com/profile?u=d9d4fdf4d725a0f17d56440e5&id=e55d0c8403&e=2c14d9c463>update subscription preferences                                                                                                                                                                                                                                                                                                                                                                                                                                                                                                                                                                                                                                                                                                         
                                                                                                                                                                                                                                                                                                                                                                                                                                                                                                                                                                                                                                                                                                                                                                                                                                                                                                                                                                                                  



