Chinese (Traditional) (chi_tra): 這 是 一 個 在 中 文 中 的 示例 句子
Russian (rus): Это образец предложения на русском языке
Japanese (jpn): これ は 日 本 語 の サン プル 文 で す


