English (eng): This is a sample sentence in English
French (fra): Ceci est une phrase d'exemple en français
German (deu): Dies ist ein Beispielsatz auf Deutsch
Chinese (Simplified) (chi_sim): 这 是 一 个 在 中 文中 的 示例 句子


