Hindi (hin): यह हिंदी में एक नमूना वाक्य है।
Sanskrit (san): एषः संस्कृते एकः नमूना वाक्यः।
Swahili (swa): Hii ni sentensi ya mfano kwa Kiswahili
Korean (kor): 이것은 한 국 어 에 서 의 샘플 문 장


