First page
First page
First page
Second page
Second page
Second page

