Spanish (spa): Esta es una frase de muestra en español
Latin (lat): Hoc est exemplum sententiae in lingua Latina
Ancient Greek (grc): Αὕτη ἐστὶν ὑπόδειγμα προτάσεως ἐν ἀρχαίᾳ ἑλληνικῇ


