Test białego tekstu
Na czarnym tle
DocToText
Witaj świecie


